// Jest Snapshot v1, https://goo.gl/fbAQLP

exports[`should test Contact Table as empty props component 1`] = `
<styled.div>
  <div
    className="Product__list m-4 p-1"
  />
</styled.div>
`;

exports[`should test Contact Table as valid props component 1`] = `
<styled.div>
  <div
    className="Product__list m-4 p-1"
  >
    <Contact
      data={
        Object {
          "_id": "bb001245",
          "email": "test@gmail.com",
          "name": "user",
        }
      }
      key="bb001245"
      setContactData={[Function]}
      setShowModal={[Function]}
    />
  </div>
</styled.div>
`;
